jonathan.davies@canonical.com
bryan.quigley@canonical.com
rene@debian.org
bryan.quigley@canonical.com
rene@debian.org
danieru.dressler@gmail.com
jamie@canonical.com
bryan.quigley@canonical.com
rene@debian.org
intrigeri@boum.org
martin.pitt@ubuntu.com
bryan.quigley@canonical.com
rene@debian.org
jamie@canonical.com
user@example.com
icons-64x64@2.tar
icons-128x128@2.tar
jplejacq@quoininc.com
martin@piware.de
and1000@debian.org
e2scrub@host.domain.name
rafael@debian.org
agmartin@debian.org
license@farsiweb.info
kurtz.alex@googlemail.com
biebl@debian.org
Elrond@Wunder-Nett.org
steve.beattie@canonical.com
kees@ubuntu.com
ejad@debian.org
filippo@debian.org
mario_limonciello@dell.com
iwamatsu@debian.org
bigon@debian.org
miquels@cistron.nl
hmh@rcm.org.br
rleigh@debian.org
walters@debian.org
sjoerd@debian.org
rohangarg@kubuntu.org
tytso@mit.edu
debian-printing@lists.debian.org
hmh@debian.org
jmknoble@mercury.interpath.net
alvar@meiko.co.uk
clameter@debian.org
gunnarhj@ubuntu.com
kahan@informatik.tu-muenchen.de
jon@jon.demon.co.uk
mike@piratehaven.org
jtang@tresys.com
umac-64@openssh.com
kirkland@canonical.com
kirkland@canonical.com
brian@canonical.com
kirkland@canonical.com
username@site.domain
pkg-wpa-devel@lists.alioth.debian.org
kel@otaku42.de
pkg-wpa-devel@lists.alioth.debian.org
debian-x@lists.debian.org
osamu@debian.org
aron@debian.org
admin@digsigtrust.com
ca@bankengine.com
webmaster@belsign.be
webmaster@belsign.be
ca@certengine.com
ca@digsigtrust.com
ca@digsigtrust.com
ca@fortengine.com
ca@mailengine.com
personal-basic@thawte.com
personal-freemail@thawte.com
personal-premium@thawte.com
premium-server@thawte.com
server-certs@thawte.com
ca@traderengine.com
info@valicert.com
info@valicert.com
info@valicert.com
info@valicert.com
ca@digsigtrust.com
certificate@trustcenter.de
certificate@trustcenter.de
certify@pca.dfn.de
a-cert@argedaten.at
ips@mail.ips.es
info@e-trust.be
info@netlock.hu
